10
9
8
3
3
3
1
3
9
8
28
10
9
9
6
2
3
9
10
10
13
12
17
15
impossible
